layouts: 1406 script classes, 152 class layouts
MonoScripts resolved: 4745  (1.0s)
  globalgamemanagers.assets        {'ok': 6}   running byte-exact 6/6  [1s]
  level0                           {'ok': 9}   running byte-exact 15/15  [1s]
  level1                           {'ok': 146, 'nolayout': 1}   running byte-exact 161/161  [1s]
  level10                          {'ok': 4545}   running byte-exact 4706/4706  [1s]
  level11                          {'ok': 19756}   running byte-exact 24462/24462  [3s]
  level12                          {'ok': 17880}   running byte-exact 42342/42342  [4s]
  level13                          {'ok': 3851}   running byte-exact 46193/46193  [5s]
  level14                          {'ok': 18559}   running byte-exact 64752/64752  [7s]
  level15                          {'ok': 4241}   running byte-exact 68993/68993  [7s]
  level16                          {'ok': 17510}   running byte-exact 86503/86503  [9s]
  level17                          {'ok': 681}   running byte-exact 87184/87184  [9s]
  level18                          {'ok': 17947}   running byte-exact 105131/105131  [11s]
  level19                          {'ok': 21968}   running byte-exact 127099/127099  [13s]
  level2                           {'ok': 2755}   running byte-exact 129854/129854  [13s]
  level20                          {'ok': 7415}   running byte-exact 137269/137269  [14s]
  level21                          {'ok': 3480}   running byte-exact 140749/140749  [14s]
  level22                          {'ok': 19130}   running byte-exact 159879/159879  [16s]
  level23                          {'ok': 4595}   running byte-exact 164474/164474  [17s]
  level24                          {'ok': 5483}   running byte-exact 169957/169957  [17s]
  level25                          {'ok': 21492}   running byte-exact 191449/191449  [19s]
  level26                          {'ok': 24260}   running byte-exact 215709/215709  [22s]
  level27                          {'ok': 24388}   running byte-exact 240097/240097  [24s]
  level28                          {'ok': 22125}   running byte-exact 262222/262222  [26s]
  level29                          {'ok': 48491}   running byte-exact 310713/310713  [30s]
  level3                           {'ok': 1675}   running byte-exact 312388/312388  [30s]
  level30                          {'ok': 24388}   running byte-exact 336776/336776  [32s]
  level31                          {'ok': 11688}   running byte-exact 348464/348464  [34s]
  level32                          {'ok': 23987}   running byte-exact 372451/372451  [36s]
  level33                          {'ok': 23851}   running byte-exact 396302/396302  [38s]
  level34                          {'ok': 24260}   running byte-exact 420562/420562  [41s]
  level35                          {'ok': 22040}   running byte-exact 442602/442602  [43s]
  level36                          {'ok': 2671}   running byte-exact 445273/445273  [43s]
  level37                          {'ok': 22450}   running byte-exact 467723/467723  [45s]
  level38                          {'ok': 21382}   running byte-exact 489105/489105  [47s]
  level39                          {'ok': 21290}   running byte-exact 510395/510395  [49s]
  level4                           {'ok': 8371}   running byte-exact 518766/518766  [50s]
  level40                          {'ok': 21494}   running byte-exact 540260/540260  [52s]
  level5                           {'ok': 20468}   running byte-exact 560728/560728  [54s]
  level6                           {'ok': 19168}   running byte-exact 579896/579896  [56s]
  level7                           {'ok': 18565}   running byte-exact 598461/598461  [57s]
  level8                           {'ok': 22373}   running byte-exact 620834/620834  [60s]
  level9                           {'ok': 22670}   running byte-exact 643504/643504  [62s]
  resources.assets                 {'ok': 10751, 'nolayout': 1}   running byte-exact 654255/654255  [63s]
  sharedassets0.assets             {'ok': 4}   running byte-exact 654259/654259  [63s]
  sharedassets1.assets             {'ok': 583}   running byte-exact 654842/654842  [64s]
  sharedassets10.assets            {}   running byte-exact 654842/654842  [64s]
  sharedassets11.assets            {}   running byte-exact 654842/654842  [64s]
  sharedassets12.assets            {}   running byte-exact 654842/654842  [64s]
  sharedassets13.assets            {}   running byte-exact 654842/654842  [64s]
  sharedassets14.assets            {'ok': 4}   running byte-exact 654846/654846  [64s]
  sharedassets15.assets            {}   running byte-exact 654846/654846  [64s]
  sharedassets16.assets            {}   running byte-exact 654846/654846  [64s]
  sharedassets17.assets            {}   running byte-exact 654846/654846  [64s]
  sharedassets18.assets            {}   running byte-exact 654846/654846  [64s]
  sharedassets19.assets            {}   running byte-exact 654846/654846  [64s]
  sharedassets2.assets             {'ok': 134}   running byte-exact 654980/654980  [64s]
  sharedassets20.assets            {}   running byte-exact 654980/654980  [64s]
  sharedassets21.assets            {}   running byte-exact 654980/654980  [64s]
  sharedassets22.assets            {}   running byte-exact 654980/654980  [64s]
  sharedassets23.assets            {}   running byte-exact 654980/654980  [64s]
  sharedassets24.assets            {}   running byte-exact 654980/654980  [64s]
  sharedassets25.assets            {'ok': 1}   running byte-exact 654981/654981  [64s]
  sharedassets26.assets            {'ok': 1}   running byte-exact 654982/654982  [64s]
  sharedassets27.assets            {'ok': 1}   running byte-exact 654983/654983  [64s]
  sharedassets28.assets            {'ok': 1}   running byte-exact 654984/654984  [64s]
  sharedassets29.assets            {'ok': 1}   running byte-exact 654985/654985  [64s]
  sharedassets3.assets             {'ok': 156}   running byte-exact 655141/655141  [64s]
  sharedassets30.assets            {}   running byte-exact 655141/655141  [64s]
  sharedassets31.assets            {}   running byte-exact 655141/655141  [64s]
  sharedassets32.assets            {}   running byte-exact 655141/655141  [64s]
  sharedassets33.assets            {}   running byte-exact 655141/655141  [64s]
  sharedassets34.assets            {}   running byte-exact 655141/655141  [64s]
  sharedassets35.assets            {}   running byte-exact 655141/655141  [64s]
  sharedassets36.assets            {}   running byte-exact 655141/655141  [64s]
  sharedassets37.assets            {}   running byte-exact 655141/655141  [64s]
  sharedassets38.assets            {}   running byte-exact 655141/655141  [64s]
  sharedassets39.assets            {}   running byte-exact 655141/655141  [64s]
  sharedassets4.assets             {'ok': 4}   running byte-exact 655145/655145  [64s]
  sharedassets40.assets            {}   running byte-exact 655145/655145  [64s]
  sharedassets5.assets             {'ok': 1}   running byte-exact 655146/655146  [64s]
  sharedassets6.assets             {}   running byte-exact 655146/655146  [64s]
  sharedassets7.assets             {'ok': 10}   running byte-exact 655156/655156  [64s]
  sharedassets8.assets             {'ok': 1}   running byte-exact 655157/655157  [64s]
  sharedassets9.assets             {}   running byte-exact 655157/655157  [64s]

checked 655157 MonoBehaviours: byte-exact 655157 (100.0%), trailing 0, errors 0; unresolved 0, no layout 2
0 script classes with failures; 587 fully verified
report -> K:\Downloads-IDM\Thronefall\Trainer\reference\verification\layout_check_steam.json
